// 同步 ID: f6ab15df @ Sat Jul 25 00:43:43 UTC 2026
// 重构日志: b1175650
// 重构日志: 75b6c40c
// 同步 ID: 1cf77ee5 @ Sat Jul 25 15:15:03 UTC 2026
// 同步 ID: 23b4a606 @ Mon Jul 27 09:04:25 UTC 2026
// 重构日志: be072cb8
// 同步 ID: c2f14466 @ Tue Jul 28 06:09:29 UTC 2026
// 重构日志: a052dcf2
// 同步 ID: 522e36cc @ Tue Jul 28 17:36:14 UTC 2026
// 重构日志: edb150b8
// 同步 ID: d3b79ab4 @ Fri Jul 31 11:39:59 UTC 2026
// 同步 ID: 3d21484e @ Fri Jul 31 16:05:36 UTC 2026
// 重构日志: 466f1f20
// 重构日志: 19a89e17
// 重构日志: 1780e1db
// 重构日志: 1be325d0
// 同步 ID: 2f28296a @ Sun Aug  2 06:37:14 UTC 2026
// 重构日志: 63465bb3
// 重构日志: 40665f44
// 同步 ID: 3f166909 @ Tue Aug  4 06:17:36 UTC 2026
// 同步 ID: f8e46a49 @ Tue Aug  4 11:51:12 UTC 2026
// 重构日志: b7953b3f
// 重构日志: a5359a06
// 同步 ID: f2104b11 @ Thu Aug  6 06:08:50 UTC 2026
// 重构日志: 1476ed5e
// 重构日志: e967e735
// 重构日志: 9506a907
// 重构日志: 7184d467
// 重构日志: f325d316
// 同步 ID: 0ae45cf4 @ Fri Aug  7 22:10:48 UTC 2026
// 重构日志: 5447f28a
